
### regime = oracle, T = 2000
  simulating 20000 draws x T=2000 (oracle) ...
  summaries ...
  GARCH QMLE fits ...
    1000/20000
    2000/20000
    3000/20000
    4000/20000
    5000/20000
    6000/20000
    7000/20000
    8000/20000
    9000/20000
    10000/20000
    11000/20000
    12000/20000
    13000/20000
    14000/20000
    15000/20000
    16000/20000
    17000/20000
    18000/20000
    19000/20000
    20000/20000
  simulating 1500 draws x T=2000 (oracle) ...
  summaries ...
  GARCH QMLE fits ...
    1000/1500
estimator          bias     RMSE    corr   cov90    width
---------------------------------------------------------
theorem_qmle     -0.081    0.127   0.784   0.000      nan
garch_ii         +0.002    0.073   0.850   0.893    0.218
sieve_sf         +0.000    0.028   0.980   0.883    0.086
sieve+garch      +0.001    0.028   0.980   0.881    0.086
prior_only       +0.004    0.139   0.000   0.889    0.427

### regime = wide, T = 2000
  simulating 20000 draws x T=2000 (wide) ...
  summaries ...
  GARCH QMLE fits ...
    1000/20000
    2000/20000
    3000/20000
    4000/20000
    5000/20000
    6000/20000
    7000/20000
    8000/20000
    9000/20000
    10000/20000
    11000/20000
    12000/20000
    13000/20000
    14000/20000
    15000/20000
    16000/20000
    17000/20000
    18000/20000
    19000/20000
    20000/20000
  simulating 1500 draws x T=2000 (wide) ...
  summaries ...
  GARCH QMLE fits ...
    1000/1500
estimator          bias     RMSE    corr   cov90    width
---------------------------------------------------------
theorem_qmle     -0.027    0.156   0.581   0.000      nan
garch_ii         -0.031    0.150   0.486   0.884    0.455
sieve_sf         -0.036    0.125   0.702   0.901    0.368
sieve+garch      -0.036    0.125   0.698   0.894    0.366
prior_only       -0.033    0.171   0.000   0.895    0.520

wrote /home/user/financial-abm-lab/experiments/YH011/results/estimators.json
